// Jest Snapshot v1, https://goo.gl/fbAQLP

exports[`matches snapshot 1`] = `
<DocumentFragment>
  <canvas
    height="0"
    role="img"
    style="display: block; box-sizing: border-box; height: 0px; width: 0px;"
    width="0"
  />
</DocumentFragment>
`;
