// Jest Snapshot v1, https://goo.gl/fbAQLP

exports[`matches snapshot 1`] = `
<DocumentFragment>
  <div
    class="LoadingSpinner"
  >
    <h3>
      Loading ...
    </h3>
  </div>
</DocumentFragment>
`;
